// Jest Snapshot v1, https://goo.gl/fbAQLP

exports[`matches snapshot 1`] = `
<DocumentFragment>
  <div
    class="Box"
    data-testid="box"
    style="background-color: red; width: 100px; height: 100px;"
  />
</DocumentFragment>
`;

exports[`matches snapshot 2`] = `
<DocumentFragment>
  <div
    class="Box"
    data-testid="box"
    style="background-color: red; width: 100px; height: 100px;"
  />
</DocumentFragment>
`;
