// Jest Snapshot v1, https://goo.gl/fbAQLP

exports[`matches snapshot 1`] = `
<DocumentFragment>
  <div>
    <h1>
      Create a Box
    </h1>
    <form
      data-testid="newBoxForm"
    >
      <label
        for="backgroundColor"
      >
        Background Color:
      </label>
      <input
        id="backgroundColor"
        name="backgroundColor"
        placeholder="Background Color"
        type="text"
        value=""
      />
      <label
        for="width"
      >
        Width:
      </label>
      <input
        id="width"
        name="width"
        placeholder="Width"
        type="text"
        value=""
      />
      <label
        for="height"
      >
        Height:
      </label>
      <input
        id="height"
        name="height"
        placeholder="Height"
        type="text"
        value=""
      />
      <button>
        Add Box
      </button>
    </form>
  </div>
  <div />
</DocumentFragment>
`;
